../Drivers/CMSIS/Include/core_cm7.h:2229:22:SCB_EnableICache	4	static,ignoring_inline_asm
../Drivers/CMSIS/Include/core_cm7.h:2281:22:SCB_EnableDCache	24	static,ignoring_inline_asm
../Drivers/CMSIS/Include/core_cm7.h:2464:22:SCB_InvalidateDCache_by_Addr	32	static,ignoring_inline_asm
../Drivers/CMSIS/Include/core_cm7.h:2491:22:SCB_CleanDCache_by_Addr	32	static,ignoring_inline_asm
../Core/Src/main.c:116:6:DSP_Init	16	static
../Core/Src/main.c:125:13:FFT_Queue_Enqueue	16	static
../Core/Src/main.c:133:6:DSP_ProcessFrame	32	static
../Core/Src/main.c:177:6:HAL_ADC_ConvHalfCpltCallback	16	static
../Core/Src/main.c:185:6:HAL_ADC_ConvCpltCallback	16	static
../Core/Src/main.c:197:6:HAL_UART_TxCpltCallback	16	static
../Core/Src/main.c:206:6:HAL_UART_ErrorCallback	16	static
../Core/Src/main.c:218:13:UART_Queue_Service	8	static
../Core/Src/main.c:241:5:main	16	static
../Core/Src/main.c:305:6:SystemClock_Config	88	static
../Core/Src/main.c:340:13:MX_ADC1_Init	56	static
../Core/Src/main.c:379:13:MX_ETH_Init	8	static
../Core/Src/main.c:401:13:MX_TIM2_Init	40	static
../Core/Src/main.c:425:13:MX_USART2_UART_Init	8	static
../Core/Src/main.c:443:13:MX_USART3_UART_Init	8	static
../Core/Src/main.c:461:13:MX_USB_OTG_FS_PCD_Init	8	static
../Core/Src/main.c:479:13:MX_DMA_Init	16	static
../Core/Src/main.c:493:13:MX_GPIO_Init	56	static
../Core/Src/main.c:531:13:MPU_Config	24	static
../Core/Src/main.c:557:6:Error_Handler	4	static,ignoring_inline_asm
