14:33:34 **** Incremental Build of configuration Debug for project ADC_DMA ****
make -j16 all 
arm-none-eabi-size  ADC_DMA.elf 
   text	   data	    bss	    dec	    hex	filename
 119456	    412	  29792	 149660	  2489c	ADC_DMA.elf
Finished building: default.size.stdout
 
14:33:43 **** Incremental Build of configuration Debug for project ADC_DMA ****
make -j16 all 
arm-none-eabi-size  ADC_DMA.elf 
   text	   data	    bss	    dec	    hex	filename
 119456	    412	  29792	 149660	  2489c	ADC_DMA.elf
Finished building: default.size.stdout
 
14:35:21 **** Incremental Build of configuration Debug for project ADC_DMA ****
make -j16 all 
arm-none-eabi-gcc "../Core/Src/main.c" -mcpu=cortex-m7 -std=gnu11 -g3 -DDEBUG -D__FPU_PRESENT=1 -DARM_MATH_CM7 -DUSE_HAL_DRIVER -DSTM32F767xx -c -I../Core/Inc -I"/home/anon/STM32CubeIDE/workspace_1.19.0/ADC_DMA/Core/Src/DSP" -I../Drivers/STM32F7xx_HAL_Driver/Inc -I/home/anon/STM32Cube/Repository/STM32Cube_FW_F7_V1.17.4/Drivers/CMSIS/DSP/Include -I../Drivers/STM32F7xx_HAL_Driver/Inc/Legacy -I../Drivers/CMSIS/Device/ST/STM32F7xx/Include -I../Drivers/CMSIS/Include -O0 -ffunction-sections -fdata-sections -Wall -fstack-usage -fcyclomatic-complexity -MMD -MP -MF"Core/Src/main.d" -MT"Core/Src/main.o" --specs=nano.specs -mfpu=fpv5-d16 -mfloat-abi=hard -mthumb -o "Core/Src/main.o"
In file included from ../Drivers/CMSIS/Device/ST/STM32F7xx/Include/stm32f7xx.h:133,
                 from ../Drivers/STM32F7xx_HAL_Driver/Inc/stm32f7xx_hal_def.h:29,
                 from ../Drivers/STM32F7xx_HAL_Driver/Inc/stm32f7xx_hal_rcc.h:27,
                 from ../Core/Inc/stm32f7xx_hal_conf.h:271,
                 from ../Drivers/STM32F7xx_HAL_Driver/Inc/stm32f7xx_hal.h:29,
                 from ../Core/Inc/main.h:30,
                 from ../Core/Src/main.c:11:
../Drivers/CMSIS/Device/ST/STM32F7xx/Include/stm32f767xx.h:181: warning: "__FPU_PRESENT" redefined
  181 | #define __FPU_PRESENT             1U       /*!< FPU present                                   */
      | 
<command-line>: note: this is the location of the previous definition
../Core/Src/main.c:200:13: warning: 'UART_Queue_Service' defined but not used [-Wunused-function]
  200 | static void UART_Queue_Service(void)
      |             ^~~~~~~~~~~~~~~~~~
arm-none-eabi-gcc -o "ADC_DMA.elf" @"objects.list"   -mcpu=cortex-m7 -T"/home/anon/STM32CubeIDE/workspace_1.19.0/ADC_DMA/STM32F767ZITX_FLASH.ld" --specs=nosys.specs -Wl,-Map="ADC_DMA.map" -Wl,--gc-sections -static -L/home/anon/STM32Cube/Repository/STM32Cube_FW_F7_V1.17.4/Drivers/CMSIS/DSP/Lib/GCC --specs=nano.specs -mfpu=fpv5-d16 -mfloat-abi=hard -mthumb -Wl,--start-group -lc -lm -Wl,--end-group
Finished building target: ADC_DMA.elf
 
arm-none-eabi-size  ADC_DMA.elf 
arm-none-eabi-objdump -h -S ADC_DMA.elf  > "ADC_DMA.list"
   text	   data	    bss	    dec	    hex	filename
  23728	    332	   3668	  27728	   6c50	ADC_DMA.elf
Finished building: default.size.stdout
 
Finished building: ADC_DMA.list
 
14:42:00 **** Incremental Build of configuration Debug for project ADC_DMA ****
make -j16 all 
arm-none-eabi-gcc "../Core/Src/main.c" -mcpu=cortex-m7 -std=gnu11 -g3 -DDEBUG -D__FPU_PRESENT=1 -DARM_MATH_CM7 -DUSE_HAL_DRIVER -DSTM32F767xx -c -I../Core/Inc -I"/home/anon/STM32CubeIDE/workspace_1.19.0/ADC_DMA/Core/Src/DSP" -I../Drivers/STM32F7xx_HAL_Driver/Inc -I/home/anon/STM32Cube/Repository/STM32Cube_FW_F7_V1.17.4/Drivers/CMSIS/DSP/Include -I../Drivers/STM32F7xx_HAL_Driver/Inc/Legacy -I../Drivers/CMSIS/Device/ST/STM32F7xx/Include -I../Drivers/CMSIS/Include -O0 -ffunction-sections -fdata-sections -Wall -fstack-usage -fcyclomatic-complexity -MMD -MP -MF"Core/Src/main.d" -MT"Core/Src/main.o" --specs=nano.specs -mfpu=fpv5-d16 -mfloat-abi=hard -mthumb -o "Core/Src/main.o"
In file included from ../Drivers/CMSIS/Device/ST/STM32F7xx/Include/stm32f7xx.h:133,
                 from ../Drivers/STM32F7xx_HAL_Driver/Inc/stm32f7xx_hal_def.h:29,
                 from ../Drivers/STM32F7xx_HAL_Driver/Inc/stm32f7xx_hal_rcc.h:27,
                 from ../Core/Inc/stm32f7xx_hal_conf.h:271,
                 from ../Drivers/STM32F7xx_HAL_Driver/Inc/stm32f7xx_hal.h:29,
                 from ../Core/Inc/main.h:30,
                 from ../Core/Src/main.c:11:
../Drivers/CMSIS/Device/ST/STM32F7xx/Include/stm32f767xx.h:181: warning: "__FPU_PRESENT" redefined
  181 | #define __FPU_PRESENT             1U       /*!< FPU present                                   */
      | 
<command-line>: note: this is the location of the previous definition
arm-none-eabi-gcc -o "ADC_DMA.elf" @"objects.list"   -mcpu=cortex-m7 -T"/home/anon/STM32CubeIDE/workspace_1.19.0/ADC_DMA/STM32F767ZITX_FLASH.ld" --specs=nosys.specs -Wl,-Map="ADC_DMA.map" -Wl,--gc-sections -static -L/home/anon/STM32Cube/Repository/STM32Cube_FW_F7_V1.17.4/Drivers/CMSIS/DSP/Lib/GCC --specs=nano.specs -mfpu=fpv5-d16 -mfloat-abi=hard -mthumb -Wl,--start-group -lc -lm -Wl,--end-group
Finished building target: ADC_DMA.elf
 
arm-none-eabi-size  ADC_DMA.elf 
arm-none-eabi-objdump -h -S ADC_DMA.elf  > "ADC_DMA.list"
   text	   data	    bss	    dec	    hex	filename
 119456	    412	  29792	 149660	  2489c	ADC_DMA.elf
Finished building: default.size.stdout
 
Finished building: ADC_DMA.list
 
